[www.pikeadmin.com/demo/index.html]
[backblue.gif]
[fade.gif]
[index.html]
[www.pikeadmin.com/demo/assets/images/favicon.ico]
[cdn.datatables.net/1.10.16/css/dataTables.bootstrap4.min.css]
[www.pikeadmin.com/demo/index-2.html]
[www.pikeadmin.com/demo/assets/images/logo.png]
[www.pikeadmin.com/demo/assets/images/avatars/avatar2.png]
[www.pikeadmin.com/demo/assets/images/avatars/avatar3.png]
[www.pikeadmin.com/demo/assets/images/avatars/avatar4.png]
[www.pikeadmin.com/demo/assets/images/avatars/admin.png]
[www.pikeadmin.com/demo/pro-profile.html]
[www.pikeadmin.com/demo/charts.html]
[www.pikeadmin.com/demo/tables-basic.html]
[www.pikeadmin.com/demo/tables-datatable.html]
[www.pikeadmin.com/demo/ui-alerts.html]
[www.pikeadmin.com/demo/ui-buttons.html]
[www.pikeadmin.com/demo/ui-cards.html]
[www.pikeadmin.com/demo/ui-carousel.html]
[www.pikeadmin.com/demo/ui-collapse.html]
[www.pikeadmin.com/demo/ui-icons.html]
[www.pikeadmin.com/demo/ui-modals.html]
[www.pikeadmin.com/demo/ui-tooltips.html]
[www.pikeadmin.com/demo/forms-general.html]
[www.pikeadmin.com/demo/forms-select2.html]
[www.pikeadmin.com/demo/forms-validation.html]
[www.pikeadmin.com/demo/forms-text-editor.html]
[www.pikeadmin.com/demo/forms-upload.html]
[www.pikeadmin.com/demo/forms-datetime-picker.html]
[www.pikeadmin.com/demo/forms-color-picker.html]
[www.pikeadmin.com/demo/star-rating.html]
[www.pikeadmin.com/demo/range-sliders.html]
[www.pikeadmin.com/demo/tree-view.html]
[www.pikeadmin.com/demo/sweetalert.html]
[www.pikeadmin.com/demo/calendar.html]
[www.pikeadmin.com/demo/gmaps.html]
[www.pikeadmin.com/demo/counter-up.html]
[www.pikeadmin.com/demo/media-fancybox.html]
[www.pikeadmin.com/demo/media-masonry.html]
[www.pikeadmin.com/demo/media-lightbox.html]
[www.pikeadmin.com/demo/media-owl-carousel.html]
[www.pikeadmin.com/demo/media-image-magnifier.html]
[www.pikeadmin.com/demo/page-pricing-tables.html]
[www.pikeadmin.com/demo/page-coming-soon.html]
[www.pikeadmin.com/demo/page-invoice.html]
[www.pikeadmin.com/demo/page-login.html]
[www.pikeadmin.com/demo/page-blank.html]
[www.pikeadmin.com/demo/pro-settings.html]
[www.pikeadmin.com/demo/pro-users.html]
[www.pikeadmin.com/demo/pro-articles.html]
[www.pikeadmin.com/demo/pro-categories.html]
[www.pikeadmin.com/demo/pro-pages.html]
[www.pikeadmin.com/demo/pro-contact-messages.html]
[www.pikeadmin.com/demo/pro-slider.html]
[www.pikeadmin.com/demo/assets/images/avatars/avatar5.png]
[www.pikeadmin.com/demo/assets/images/avatars/avatar6.png]
[www.pikeadmin.com/demo/assets/images/avatars/avatar10.png]
[www.pikeadmin.com/demo/assets/js/modernizr.min.js]
[www.pikeadmin.com/demo/assets/js/jquery.min.js]
[www.pikeadmin.com/demo/assets/js/moment.min.js]
[www.pikeadmin.com/demo/assets/js/popper.min.js]
[www.pikeadmin.com/demo/assets/js/bootstrap.min.js]
[www.pikeadmin.com/demo/assets/js/detect.js]
[www.pikeadmin.com/demo/assets/js/fastclick.js]
[www.pikeadmin.com/demo/assets/js/jquery.blockUI.js]
[www.pikeadmin.com/demo/assets/js/jquery.nicescroll.js]
[www.pikeadmin.com/demo/assets/js/pikeadmin.js]
[cdnjs.cloudflare.com/ajax/libs/Chart.js/2.4.0/Chart.min.js]
[cdn.datatables.net/1.10.16/js/jquery.dataTables.min.js]
[cdn.datatables.net/1.10.16/js/dataTables.bootstrap4.min.js]
[www.pikeadmin.com/demo/assets/plugins/waypoints/lib/jquery.waypoints.min.js]
[www.pikeadmin.com/demo/assets/plugins/counterup/jquery.counterup.min.js]
[www.pikeadmin.com/demo/index.html]
[www.pikeadmin.com/demo/assets/css/bootstrap.min.css]
[www.pikeadmin.com/demo/assets/font-awesome/fonts/fontawesome-webfont3e6e.eot]
[www.pikeadmin.com/demo/assets/font-awesome/fonts/fontawesome-webfontd41d.eot]
[www.pikeadmin.com/demo/assets/font-awesome/fonts/fontawesome-webfont3e6e.woff2]
[www.pikeadmin.com/demo/assets/font-awesome/fonts/fontawesome-webfont3e6e.woff]
[www.pikeadmin.com/demo/assets/font-awesome/fonts/fontawesome-webfont3e6e.ttf]
[www.pikeadmin.com/demo/assets/font-awesome/css/font-awesome.min.css]
[www.pikeadmin.com/demo/assets/css/style.css]
[cdn.datatables.net/1.10.16/css/dataTables.bootstrap4.min.css]
[www.pikeadmin.com/demo/index-2.html]
[www.pikeadmin.com/demo/assets/js/jquery.scrollTo.min.js]
[www.pikeadmin.com/demo/assets/plugins/switchery/switchery.min.js]
[www.pikeadmin.com/demo/pro-profile.html]
[www.pikeadmin.com/demo/charts.html]
[www.pikeadmin.com/demo/tables-basic.html]
[www.pikeadmin.com/demo/assets/plugins/datatables/img/details_open.png]
[www.pikeadmin.com/demo/assets/plugins/datatables/img/details_close.png]
[www.pikeadmin.com/demo/tables-datatable.html]
[www.pikeadmin.com/demo/ui-alerts.html]
[www.pikeadmin.com/demo/ui-buttons.html]
[www.pikeadmin.com/demo/assets/images/sample-image-3.jpg]
[www.pikeadmin.com/demo/assets/images/sample-image-1.jpg]
[www.pikeadmin.com/demo/assets/images/sample-image-2.jpg]
[www.pikeadmin.com/demo/ui-cards.html]
[www.pikeadmin.com/demo/ui-carousel.html]
[www.pikeadmin.com/demo/ui-collapse.html]
[www.pikeadmin.com/demo/ui-icons.html]
[www.pikeadmin.com/demo/ui-modals.html]
[www.pikeadmin.com/demo/ui-tooltips.html]
[www.pikeadmin.com/demo/forms-general.html]
[cdnjs.cloudflare.com/ajax/libs/popper.js/1.13.0/esm/popper.js]
[www.pikeadmin.com/demo/assets/plugins/select2/js/select2.min.js]
[www.pikeadmin.com/demo/forms-select2.html]
[www.pikeadmin.com/demo/assets/plugins/parsleyjs/parsley.min.js]
[www.pikeadmin.com/demo/forms-validation.html]
[www.pikeadmin.com/demo/assets/plugins/trumbowyg/trumbowyg.min.js]
[www.pikeadmin.com/demo/forms-text-editor.html]
[www.pikeadmin.com/demo/assets/plugins/jquery.filer/js/jquery.filer.min.js]
[www.pikeadmin.com/demo/forms-upload.html]
[www.pikeadmin.com/demo/assets/plugins/datetimepicker/js/moment.min.js]
[www.pikeadmin.com/demo/assets/plugins/datetimepicker/js/daterangepicker.js]
[www.pikeadmin.com/demo/forms-datetime-picker.html]
[www.pikeadmin.com/demo/assets/plugins/colorpicker/bootstrap-colorpicker.min.js]
[www.pikeadmin.com/demo/forms-color-picker.html]
[www.pikeadmin.com/demo/assets/plugins/star-rating/star-rating.min.js]
[www.pikeadmin.com/demo/assets/plugins/star-rating/theme.js]
[www.pikeadmin.com/demo/star-rating.html]
[www.pikeadmin.com/demo/assets/plugins/ion-rangeslider/ion.rangeSlider.min.js]
[www.pikeadmin.com/demo/range-sliders.html]
[www.pikeadmin.com/demo/assets/plugins/jstree/jstree.min.js]
[www.pikeadmin.com/demo/tree-view.html]
[www.pikeadmin.com/demo/sweetalert.html]
[unpkg.com/sweetalert@2.1.0/dist/sweetalert.min.js]
[www.pikeadmin.com/demo/assets/js/jquery-ui.min.js]
[www.pikeadmin.com/demo/assets/plugins/fullcalendar/fullcalendar.min.js]
[www.pikeadmin.com/demo/calendar.html]
[www.pikeadmin.com/demo/assets/plugins/gmapsjs/gmaps.js]
[www.pikeadmin.com/demo/gmaps.html]
[www.pikeadmin.com/demo/counter-up.html]
[cdnjs.cloudflare.com/ajax/libs/fancybox/3.2.5/jquery.fancybox.min.css]
[picsum.photos/1200/7688352.jpg]
[picsum.photos/6008352.jpg]
[picsum.photos/1200/7684a66.jpg]
[picsum.photos/6004a66.jpg]
[picsum.photos/1200/768a431.jpg]
[picsum.photos/600a431.jpg]
[picsum.photos/1200/768e197.jpg]
[picsum.photos/600e197.jpg]
[picsum.photos/1200/7685b54.jpg]
[picsum.photos/6005b54.jpg]
[picsum.photos/1200/768c021.jpg]
[picsum.photos/600c021.jpg]
[www.pikeadmin.com/demo/media-fancybox.html]
[cdnjs.cloudflare.com/ajax/libs/fancybox/3.2.5/jquery.fancybox.min.js]
[s3-us-west-2.amazonaws.com/s.cdpn.io/82/orange-tree.jpg]
[s3-us-west-2.amazonaws.com/s.cdpn.io/82/submerged.jpg]
[s3-us-west-2.amazonaws.com/s.cdpn.io/82/look-out.jpg]
[s3-us-west-2.amazonaws.com/s.cdpn.io/82/one-world-trade.jpg]
[s3-us-west-2.amazonaws.com/s.cdpn.io/82/drizzle.jpg]
[s3-us-west-2.amazonaws.com/s.cdpn.io/82/cat-nose.jpg]
[s3-us-west-2.amazonaws.com/s.cdpn.io/82/contrail.jpg]
[s3-us-west-2.amazonaws.com/s.cdpn.io/82/golden-hour.jpg]
[s3-us-west-2.amazonaws.com/s.cdpn.io/82/flight-formation.jpg]
[www.pikeadmin.com/demo/assets/plugins/masonry/masonry.pkgd.min.js]
[www.pikeadmin.com/demo/assets/plugins/masonry/imagesloaded.pkgd.min.js]
[www.pikeadmin.com/demo/media-masonry.html]
[i1.ytimg.com/vi/yP11r5n5RNg/mqdefault.jpg]
[i1.ytimg.com/vi/iQ4D273C7Ac/mqdefault.jpg]
[www.pikeadmin.com/demo/assets/plugins/lightbox/ekko-lightbox.min.js]
[www.pikeadmin.com/demo/media-lightbox.html]
[www.pikeadmin.com/demo/assets/images/sample-image-4.jpg]
[www.pikeadmin.com/demo/assets/images/sample-image-5.jpg]
[www.pikeadmin.com/demo/assets/images/sample-image-6.jpg]
[www.pikeadmin.com/demo/assets/images/sample-image-7.jpg]
[www.pikeadmin.com/demo/assets/images/sample-image-8.jpg]
[www.pikeadmin.com/demo/assets/plugins/owlcarousel/owl.carousel.min.js]
[www.pikeadmin.com/demo/media-owl-carousel.html]
[www.pikeadmin.com/demo/assets/plugins/bootstrap-magnify/bootstrap-magnify.min.js]
[www.pikeadmin.com/demo/media-image-magnifier.html]
[www.pikeadmin.com/demo/page-pricing-tables.html]
[www.pikeadmin.com/demo/assets/js/countdown.js]
[www.pikeadmin.com/demo/page-coming-soon.html]
[www.pikeadmin.com/demo/page-invoice.html]
[www.pikeadmin.com/demo/page-login.html]
[www.pikeadmin.com/demo/page-blank.html]
[www.pikeadmin.com/demo/assets/plugins/trumbowyg/plugins/upload/trumbowyg.upload.js]
[www.pikeadmin.com/demo/pro-settings.html]
[www.pikeadmin.com/demo/assets/images/avatars/avatar1.png]
[www.pikeadmin.com/demo/pro-users.html]
[www.pikeadmin.com/demo/pro-articles-add.html]
[www.pikeadmin.com/demo/assets/images/25f9a11e-phones-1.png]
[www.pikeadmin.com/demo/assets/images/8d14906a-blueprint-api-production.jpg]
[www.pikeadmin.com/demo/assets/images/a554c065-animals-03.jpg]
[www.pikeadmin.com/demo/assets/images/5a556196-puppy-and-kitten-in-basket-animals-picture.jpg]
[www.pikeadmin.com/demo/assets/images/a1659f24-the-sky-forever-900x585.jpg]
[www.pikeadmin.com/demo/assets/images/e6137acc-final-nature.png]
[www.pikeadmin.com/demo/assets/images/258fa142-team-al-1.jpg]
[www.pikeadmin.com/demo/assets/images/2b8ce5d5-canon-powershot-g3-x-sample-images-1.jpg]
[www.pikeadmin.com/demo/pro-articles.html]
[www.pikeadmin.com/demo/pro-categories.html]
[www.pikeadmin.com/demo/pro-pages-add.html]
[www.pikeadmin.com/demo/pro-pages.html]
[www.pikeadmin.com/demo/pro-contact-messages-details.html]
[www.pikeadmin.com/demo/pro-contact-messages.html]
[www.pikeadmin.com/demo/assets/images/8b75635e-final-nature.png]
[www.pikeadmin.com/demo/assets/images/43774b37-blueprint-api-production.jpg]
[www.pikeadmin.com/demo/assets/images/31523e7b-dropbox-could-help-you-find-your-lost-stolen-smartphone.w1456.jpg]
[www.pikeadmin.com/demo/pro-slider.html]
[www.pikeadmin.com/demo/assets/font-awesome/fonts/fontawesome-webfont3e6e.svg]
[www.pikeadmin.com/demo/assets/plugins/switchery/switchery.min.css]
[www.pikeadmin.com/demo/assets/plugins/select2/css/select2.min.css]
[www.pikeadmin.com/demo/assets/plugins/trumbowyg/ui/trumbowyg.min.css]
[www.pikeadmin.com/demo/assets/plugins/jquery.filer/css/jquery.filer.css]
[www.pikeadmin.com/demo/assets/plugins/jquery.filer/css/themes/jquery.filer-dragdropbox-theme.css]
[www.pikeadmin.com/demo/assets/plugins/jquery.filer/php/remove_file.html]
[www.pikeadmin.com/demo/assets/plugins/datetimepicker/css/daterangepicker.css]
[www.pikeadmin.com/demo/assets/plugins/colorpicker/bootstrap-colorpicker.min.css]
[www.pikeadmin.com/demo/assets/plugins/star-rating/loading.gif]
[www.pikeadmin.com/demo/assets/plugins/star-rating/star-rating.min.css]
[www.pikeadmin.com/demo/assets/plugins/star-rating/theme.css]
[www.pikeadmin.com/demo/assets/plugins/ion-rangeslider/ion.rangeSlider.css]
[www.pikeadmin.com/demo/assets/plugins/ion-rangeslider/sprite-skin-flat.png]
[www.pikeadmin.com/demo/assets/plugins/ion-rangeslider/ion.rangeSlider.skinFlat.css]
[www.pikeadmin.com/demo/assets/plugins/jstree/32px.png]
[www.pikeadmin.com/demo/assets/plugins/jstree/throbber.gif]
[www.pikeadmin.com/demo/assets/plugins/jstree/40px.png]
[www.pikeadmin.com/demo/assets/plugins/jstree/style.css]
[www.pikeadmin.com/demo/assets/plugins/fullcalendar/fullcalendar.min.css]
[cdnjs.cloudflare.com/ajax/libs/fancybox/3.2.5/jquery.fancybox.min.css]
[www.pikeadmin.com/demo/_https_/www.instagram.com/jamesrelfdyer/__@jamesrelfdyer_/a__/span__.html]
[www.pikeadmin.com/demo/assets/plugins/lightbox/ekko-lightbox.css]
[i1.ytimg.com/vi/b0jqPvpn3sY/mqdefault.jpg]
[www.pikeadmin.com/demo/assets/plugins/owlcarousel/owl.video.play.png]
[www.pikeadmin.com/demo/assets/plugins/owlcarousel/owl.carousel.min.css]
[www.pikeadmin.com/demo/assets/plugins/owlcarousel/owl.theme.default.min.css]
[www.pikeadmin.com/demo/assets/plugins/bootstrap-magnify/bootstrap-magnify.min.css]
[www.pikeadmin.com/demo/assets/css/pricing-tables.css]
[www.pikeadmin.com/demo/assets/css/coming-soon.css]
[www.pikeadmin.com/demo/pro-articles-add.html]
[www.pikeadmin.com/demo/pro-pages-add.html]
[www.pikeadmin.com/demo/pro-contact-messages-details.html]
[www.pikeadmin.com/demo/assets/plugins/jquery.filer/assets/fonts/jquery.filer-icons/jquery-filer.eot]
[www.pikeadmin.com/demo/assets/plugins/jquery.filer/assets/fonts/jquery.filer-icons/jquery-filerd41d.eot]
[www.pikeadmin.com/demo/assets/plugins/jquery.filer/assets/fonts/jquery.filer-icons/jquery-filer.woff]
[www.pikeadmin.com/demo/assets/plugins/jquery.filer/assets/fonts/jquery.filer-icons/jquery-filer.ttf]
[www.pikeadmin.com/demo/assets/plugins/jquery.filer/assets/fonts/jquery.filer-icons/jquery-filer.css]
[www.pikeadmin.com/demo/assets/plugins/jquery.filer/assets/fonts/jquery.filer-icons/jquery-filer.svg]
